// Jest Snapshot v1, https://goo.gl/fbAQLP

exports[`App correctly renders after launch 1`] = `ShallowWrapper {}`;
